// Jest Snapshot v1, https://goo.gl/fbAQLP

exports[`matches snapshot 1`] = `
<DocumentFragment>
  <div
    class="form-container"
  >
    <form>
      <h3>
        Login
      </h3>
      <input
        id="username"
        name="username"
        placeholder="Username"
        value=""
      />
      <input
        id="password"
        name="password"
        placeholder="Password"
        type="password"
        value=""
      />
      <button>
        Login
      </button>
    </form>
  </div>
</DocumentFragment>
`;
